Carlos testing commit tracking feature - baseline 1
